identityLocalStep
| DefUse.cs:80:37:80:42 | this access | Node steps to itself |
| Properties.cs:65:24:65:31 | this access | Node steps to itself |
