failures
testFailures
edges
nodes
subpaths
#select
