identityLocalStep
| Test.cs:80:37:80:42 | this access | Node steps to itself |
