identityLocalStep
| GlobalDataFlow.cs:573:9:576:9 | SSA phi read(f) | Node steps to itself |
