identityLocalStep
| ZipSlip.cs:13:13:45:13 | SSA phi read(destDirectory) | Node steps to itself |
