identityLocalStep
| Conditions.cs:133:17:133:22 | [Field1 (line 129): false] this access | Node steps to itself |
